<html>
<body>
<pre>
<h1>µVision Build Log</h1>
<h2>Tool Versions:</h2>
IDE-Version: µVision V5.38.0.0
Copyright (C) 2022 ARM Ltd and ARM Germany GmbH. All rights reserved.
License Information: Nguyen Huu Chi, HCMUTE, LIC=HYKYW-QN0B2-7RRXG-VQSUX-32TW5-2ELTB
 
Tool Versions:
Toolchain:       A-ARM Macro Assembler Kit  Version: 5.38.0.0
Toolchain Path:  C:\Keil_v5\ARM\ARM_Compiler_5.06u7\Bin
C Compiler:      Armcc.exe V5.06 update 7 (build 960)
Assembler:       Armasm.exe V5.06 update 7 (build 960)
Linker/Locator:  ArmLink.exe V5.06 update 7 (build 960)
Library Manager: ArmAr.exe V5.06 update 7 (build 960)
Hex Converter:   FromElf.exe V5.06 update 7 (build 960)
CPU DLL:         SARMCM3.DLL V5.38.0.0
Dialog DLL:      DCM.DLL V1.17.5.0
Target DLL:      UL2CM3.DLL V1.164.8.0
Dialog DLL:      TCM.DLL V1.56.4.0
 
<h2>Project:</h2>
E:\IoT\CAN_Practice\Project\Project.uvproj
Project File Date:  05/19/2023

<h2>Output:</h2>
*** Using Compiler 'V5.06 update 7 (build 960)', folder: 'C:\Keil_v5\ARM\ARM_Compiler_5.06u7\Bin'
Rebuild target 'Open207V'
compiling stm32f4xx_it.c...
compiling config.c...
compiling main.c...
assembling startup_stm32f4xx.s...
compiling stm32f4xx_gpio.c...
compiling misc.c...
compiling usart.c...
compiling stm32f4xx_usart.c...
compiling stm32f4xx_i2c.c...
compiling stm32f4xx_rcc.c...
compiling system_stm32f4xx.c...
compiling stm32f4xx_can.c...
linking...
Program Size: Code=6680 RO-data=496 RW-data=56 ZI-data=1680  
FromELF: creating hex file...
".\Output\Project.axf" - 0 Error(s), 0 Warning(s).
Build Time Elapsed:  00:00:04
</pre>
</body>
</html>
